Beatrix Potter - Histoire de Pierre Lapin.epub
Charles Baudelaire - Les Fleurs du Mal.epub
Herodotus - The History of Herodotus — Volume 1.epub
Herodotus - The History of Herodotus — Volume 2.epub
Jules Verne - Vingt mille lieues sous les mers.epub
Laozi - 老子.epub
Lewis Carroll - Alice's Adventures in Wonderland.epub
baron de Charles de Secondat Montesquieu - Esprit des lois /
baron de Charles de Secondat Montesquieu - Esprit des lois / livres I à V, précédés d'une introduction de l'éditeur.epub