{
  "Path": "Lewis Carroll/Lewis Carroll - Alices Adventures in Wonderland (2008) [EN].epub",
  "Title": "Alice's Adventures in Wonderland",
  "Authors": [
    "Lewis Carroll"
  ],
  "PublishedDate": "2008-06-27",
  "Language": "en",
  "Subject": [
    "Fantasy fiction",
    "Children's stories",
    "Imaginary places -- Juvenile fiction",
    "Alice (Fictitious character from Carroll) -- Juvenile fiction"
  ]
}
{
  "Path": "Laozi/Laozi - 老子 (2007) [ZH].epub",
  "Title": "老子",
  "Authors": [
    "Laozi"
  ],
  "PublishedDate": "2007-12-26",
  "Language": "zh",
  "Subject": [
    "Taoism",
    "Philosophy, Chinese"
  ]
}
{
  "Path": "Herodotus/Herodotus - The History of Herodotus  Volume 2 (2001) [EN].epub",
  "Title": "The History of Herodotus — Volume 2",
  "Authors": [
    "Herodotus"
  ],
  "PublishedDate": "2001-01-01",
  "Language": "en",
  "Subject": [
    "History, Ancient",
    "Greece -- History -- To 146 B.C."
  ]
}
{
  "Path": "Herodotus/Herodotus - The History of Herodotus  Volume 1 (2001) [EN].epub",
  "Title": "The History of Herodotus — Volume 1",
  "Authors": [
    "Herodotus"
  ],
  "PublishedDate": "2001-07-01",
  "Language": "en",
  "Subject": [
    "History, Ancient",
    "Greece -- History -- To 146 B.C."
  ]
}
{
  "Path": "baron de Charles de Secondat Montesquieu/baron de Charles de Secondat Montesquieu - Esprit des lois _ livres I à V précédés dune introduction de léditeur (2008) [FR].epub",
  "Title": "Esprit des lois / livres I à V, précédés d'une introduction de l'éditeur",
  "Authors": [
    "baron de Charles de Secondat Montesquieu"
  ],
  "PublishedDate": "2008-12-20",
  "Language": "fr",
  "Subject": [
    "Political science",
    "Law -- Philosophy",
    "State, The",
    "Jurisprudence"
  ]
}
{
  "Path": "Beatrix Potter/Beatrix Potter - Histoire de Pierre Lapin (2009) [FR].epub",
  "Title": "Histoire de Pierre Lapin",
  "Authors": [
    "Beatrix Potter"
  ],
  "PublishedDate": "2009-06-06",
  "Language": "fr",
  "Subject": [
    "Rabbits -- Juvenile fiction"
  ]
}
{
  "Path": "Jules Verne/Jules Verne - Vingt mille lieues sous les mers (2017) [FR].epub",
  "Title": "Vingt mille lieues sous les mers",
  "Authors": [
    "Jules Verne"
  ],
  "PublishedDate": "2017-06-09",
  "Language": "fr"
}
{
  "Path": "Charles Baudelaire/Charles Baudelaire - Les Fleurs du Mal (2004) [FR].epub",
  "Title": "Les Fleurs du Mal",
  "Authors": [
    "Charles Baudelaire"
  ],
  "PublishedDate": "2004-07-01",
  "Language": "fr",
  "Subject": [
    "French poetry -- 19th century"
  ]
}

Final list of books in library:
Beatrix Potter/
Beatrix Potter/Beatrix Potter - Histoire de Pierre Lapin (2009) [FR].epub
Charles Baudelaire/
Charles Baudelaire/Charles Baudelaire - Les Fleurs du Mal (2004) [FR].epub
Herodotus/
Herodotus/Herodotus - The History of Herodotus  Volume 1 (2001) [EN].epub
Herodotus/Herodotus - The History of Herodotus  Volume 2 (2001) [EN].epub
Jules Verne/
Jules Verne/Jules Verne - Vingt mille lieues sous les mers (2017) [FR].epub
Laozi/
Laozi/Laozi - 老子 (2007) [ZH].epub
Lewis Carroll/
Lewis Carroll/Lewis Carroll - Alices Adventures in Wonderland (2008) [EN].epub
baron de Charles de Secondat Montesquieu/
baron de Charles de Secondat Montesquieu/baron de Charles de Secondat Montesquieu - Esprit des lois _ livres I à V précédés dune introduction de léditeur (2008) [FR].epub
