Beatrix Potter - Histoire de Pierre Lapin (2009) [FR].epub
Charles Baudelaire - Les Fleurs du Mal (2004) [FR].epub
Herodotus - The History of Herodotus  Volume 1 (2001) [EN].epub
Herodotus - The History of Herodotus  Volume 2 (2001) [EN].epub
Jules Verne - Vingt mille lieues sous les mers (2017) [FR].epub
Laozi - 老子 (2007) [ZH].epub
Lewis Carroll - Alices Adventures in Wonderland (2008) [EN].epub
baron de Charles de Secondat Montesquieu - Esprit des lois _ livres I à V précédés dune introduction de léditeur (2008) [FR].epub