Beatrix Potter - Histoire de Pierre Lapin [FR].epub
Charles Baudelaire - Les Fleurs du Mal [FR].epub
Herodotus - The History of Herodotus — Volume 1 [EN].epub
Herodotus - The History of Herodotus — Volume 2 [EN].epub
Jules Verne - Vingt mille lieues sous les mers [FR].epub
Laozi - 老子 [ZH].epub
Lewis Carroll - Alice's Adventures in Wonderland [EN].epub
baron de Charles de Secondat Montesquieu - Esprit des lois /
baron de Charles de Secondat Montesquieu - Esprit des lois / livres I à V, précédés d'une introduction de l'éditeur [FR].epub