Beatrix Potter - Histoire de Pierre Lapin [FR].epub
Charles Baudelaire - Les Fleurs du Mal [FR].epub
Herodotus - [Volume 1] - The History of Herodotus [EN].epub
Herodotus - [Volume 2] - The History of Herodotus [EN].epub
Jules Verne - Vingt mille lieues sous les mers [FR].epub
Laozi - 老子 [ZH].epub
Lewis Carroll - Alice's Adventures in Wonderland [EN].epub
baron de Charles de Secondat Montesquieu - Esprit des lois [FR].epub