Beatrix Potter - Histoire de Pierre Lapin.epub
Charles Baudelaire - Les Fleurs du Mal.epub
Herodotus - [Volume 1] - The History of Herodotus.epub
Herodotus - [Volume 2] - The History of Herodotus.epub
Jules Verne - Vingt mille lieues sous les mers.epub
Laozi - 老子.epub
Lewis Carroll - Alice's Adventures in Wonderland.epub
baron de Charles de Secondat Montesquieu - Esprit des lois.epub